------------------------------------------------------------
TimeQuest Timing Analyzer Summary
------------------------------------------------------------

Type  : Slow 1200mV 85C Model Setup 'mostrar_cambio'
Slack : -17.160
TNS   : -79.448

Type  : Slow 1200mV 85C Model Setup 'top_productos:U_prod|div_2seg:Udiv|out1'
Slack : -3.913
TNS   : -3.913

Type  : Slow 1200mV 85C Model Setup 'clk'
Slack : -3.863
TNS   : -346.204

Type  : Slow 1200mV 85C Model Setup 'div_50millones:U_div|out1'
Slack : -1.454
TNS   : -9.457

Type  : Slow 1200mV 85C Model Hold 'clk'
Slack : -0.233
TNS   : -0.465

Type  : Slow 1200mV 85C Model Hold 'div_50millones:U_div|out1'
Slack : 0.358
TNS   : 0.000

Type  : Slow 1200mV 85C Model Hold 'top_productos:U_prod|div_2seg:Udiv|out1'
Slack : 0.694
TNS   : 0.000

Type  : Slow 1200mV 85C Model Hold 'mostrar_cambio'
Slack : 2.389
TNS   : 0.000

Type  : Slow 1200mV 85C Model Minimum Pulse Width 'clk'
Slack : -3.000
TNS   : -158.000

Type  : Slow 1200mV 85C Model Minimum Pulse Width 'div_50millones:U_div|out1'
Slack : -1.000
TNS   : -7.000

Type  : Slow 1200mV 85C Model Minimum Pulse Width 'top_productos:U_prod|div_2seg:Udiv|out1'
Slack : -1.000
TNS   : -1.000

Type  : Slow 1200mV 85C Model Minimum Pulse Width 'mostrar_cambio'
Slack : 0.431
TNS   : 0.000

Type  : Slow 1200mV 0C Model Setup 'mostrar_cambio'
Slack : -15.242
TNS   : -70.496

Type  : Slow 1200mV 0C Model Setup 'top_productos:U_prod|div_2seg:Udiv|out1'
Slack : -3.471
TNS   : -3.471

Type  : Slow 1200mV 0C Model Setup 'clk'
Slack : -3.440
TNS   : -296.787

Type  : Slow 1200mV 0C Model Setup 'div_50millones:U_div|out1'
Slack : -1.211
TNS   : -7.823

Type  : Slow 1200mV 0C Model Hold 'clk'
Slack : -0.250
TNS   : -0.509

Type  : Slow 1200mV 0C Model Hold 'div_50millones:U_div|out1'
Slack : 0.313
TNS   : 0.000

Type  : Slow 1200mV 0C Model Hold 'top_productos:U_prod|div_2seg:Udiv|out1'
Slack : 0.625
TNS   : 0.000

Type  : Slow 1200mV 0C Model Hold 'mostrar_cambio'
Slack : 2.216
TNS   : 0.000

Type  : Slow 1200mV 0C Model Minimum Pulse Width 'clk'
Slack : -3.000
TNS   : -158.000

Type  : Slow 1200mV 0C Model Minimum Pulse Width 'div_50millones:U_div|out1'
Slack : -1.000
TNS   : -7.000

Type  : Slow 1200mV 0C Model Minimum Pulse Width 'top_productos:U_prod|div_2seg:Udiv|out1'
Slack : -1.000
TNS   : -1.000

Type  : Slow 1200mV 0C Model Minimum Pulse Width 'mostrar_cambio'
Slack : 0.451
TNS   : 0.000

Type  : Fast 1200mV 0C Model Setup 'mostrar_cambio'
Slack : -9.168
TNS   : -41.443

Type  : Fast 1200mV 0C Model Setup 'top_productos:U_prod|div_2seg:Udiv|out1'
Slack : -1.808
TNS   : -1.808

Type  : Fast 1200mV 0C Model Setup 'clk'
Slack : -1.769
TNS   : -129.916

Type  : Fast 1200mV 0C Model Setup 'div_50millones:U_div|out1'
Slack : -0.349
TNS   : -2.094

Type  : Fast 1200mV 0C Model Hold 'clk'
Slack : -0.225
TNS   : -0.531

Type  : Fast 1200mV 0C Model Hold 'div_50millones:U_div|out1'
Slack : 0.187
TNS   : 0.000

Type  : Fast 1200mV 0C Model Hold 'top_productos:U_prod|div_2seg:Udiv|out1'
Slack : 0.369
TNS   : 0.000

Type  : Fast 1200mV 0C Model Hold 'mostrar_cambio'
Slack : 1.312
TNS   : 0.000

Type  : Fast 1200mV 0C Model Minimum Pulse Width 'clk'
Slack : -3.000
TNS   : -166.908

Type  : Fast 1200mV 0C Model Minimum Pulse Width 'div_50millones:U_div|out1'
Slack : -1.000
TNS   : -7.000

Type  : Fast 1200mV 0C Model Minimum Pulse Width 'top_productos:U_prod|div_2seg:Udiv|out1'
Slack : -1.000
TNS   : -1.000

Type  : Fast 1200mV 0C Model Minimum Pulse Width 'mostrar_cambio'
Slack : 0.415
TNS   : 0.000

------------------------------------------------------------
