------------------------------------------------------------
TimeQuest Timing Analyzer Summary
------------------------------------------------------------

Type  : Slow 1200mV 85C Model Setup 'div_50millones:U1|out1'
Slack : -3.137
TNS   : -35.027

Type  : Slow 1200mV 85C Model Setup 'clk50mhz'
Slack : -2.620
TNS   : -39.545

Type  : Slow 1200mV 85C Model Hold 'clk50mhz'
Slack : -0.155
TNS   : -0.155

Type  : Slow 1200mV 85C Model Hold 'div_50millones:U1|out1'
Slack : 0.358
TNS   : 0.000

Type  : Slow 1200mV 85C Model Minimum Pulse Width 'clk50mhz'
Slack : -3.000
TNS   : -30.000

Type  : Slow 1200mV 85C Model Minimum Pulse Width 'div_50millones:U1|out1'
Slack : -1.000
TNS   : -14.000

Type  : Slow 1200mV 0C Model Setup 'div_50millones:U1|out1'
Slack : -2.699
TNS   : -30.126

Type  : Slow 1200mV 0C Model Setup 'clk50mhz'
Slack : -2.250
TNS   : -32.363

Type  : Slow 1200mV 0C Model Hold 'clk50mhz'
Slack : -0.177
TNS   : -0.177

Type  : Slow 1200mV 0C Model Hold 'div_50millones:U1|out1'
Slack : 0.312
TNS   : 0.000

Type  : Slow 1200mV 0C Model Minimum Pulse Width 'clk50mhz'
Slack : -3.000
TNS   : -30.000

Type  : Slow 1200mV 0C Model Minimum Pulse Width 'div_50millones:U1|out1'
Slack : -1.000
TNS   : -14.000

Type  : Fast 1200mV 0C Model Setup 'div_50millones:U1|out1'
Slack : -1.345
TNS   : -14.431

Type  : Fast 1200mV 0C Model Setup 'clk50mhz'
Slack : -1.044
TNS   : -11.528

Type  : Fast 1200mV 0C Model Hold 'clk50mhz'
Slack : -0.190
TNS   : -0.190

Type  : Fast 1200mV 0C Model Hold 'div_50millones:U1|out1'
Slack : 0.187
TNS   : 0.000

Type  : Fast 1200mV 0C Model Minimum Pulse Width 'clk50mhz'
Slack : -3.000
TNS   : -31.529

Type  : Fast 1200mV 0C Model Minimum Pulse Width 'div_50millones:U1|out1'
Slack : -1.000
TNS   : -14.000

------------------------------------------------------------
