------------------------------------------------------------
TimeQuest Timing Analyzer Summary
------------------------------------------------------------

Type  : Slow 1200mV 85C Model Setup 'CLK50MHz'
Slack : -3.008
TNS   : -39.288

Type  : Slow 1200mV 85C Model Setup 'DivisorFrecuencia:Divisor|clk_out_internal'
Slack : -2.221
TNS   : -65.723

Type  : Slow 1200mV 85C Model Hold 'CLK50MHz'
Slack : -0.170
TNS   : -0.170

Type  : Slow 1200mV 85C Model Hold 'DivisorFrecuencia:Divisor|clk_out_internal'
Slack : 0.344
TNS   : 0.000

Type  : Slow 1200mV 85C Model Minimum Pulse Width 'CLK50MHz'
Slack : -3.000
TNS   : -29.000

Type  : Slow 1200mV 85C Model Minimum Pulse Width 'DivisorFrecuencia:Divisor|clk_out_internal'
Slack : -1.000
TNS   : -54.000

Type  : Slow 1200mV 0C Model Setup 'CLK50MHz'
Slack : -2.578
TNS   : -31.979

Type  : Slow 1200mV 0C Model Setup 'DivisorFrecuencia:Divisor|clk_out_internal'
Slack : -1.880
TNS   : -53.865

Type  : Slow 1200mV 0C Model Hold 'CLK50MHz'
Slack : -0.170
TNS   : -0.170

Type  : Slow 1200mV 0C Model Hold 'DivisorFrecuencia:Divisor|clk_out_internal'
Slack : 0.300
TNS   : 0.000

Type  : Slow 1200mV 0C Model Minimum Pulse Width 'CLK50MHz'
Slack : -3.000
TNS   : -29.000

Type  : Slow 1200mV 0C Model Minimum Pulse Width 'DivisorFrecuencia:Divisor|clk_out_internal'
Slack : -1.000
TNS   : -54.000

Type  : Fast 1200mV 0C Model Setup 'CLK50MHz'
Slack : -1.277
TNS   : -12.029

Type  : Fast 1200mV 0C Model Setup 'DivisorFrecuencia:Divisor|clk_out_internal'
Slack : -0.804
TNS   : -18.087

Type  : Fast 1200mV 0C Model Hold 'CLK50MHz'
Slack : -0.235
TNS   : -0.235

Type  : Fast 1200mV 0C Model Hold 'DivisorFrecuencia:Divisor|clk_out_internal'
Slack : 0.179
TNS   : 0.000

Type  : Fast 1200mV 0C Model Minimum Pulse Width 'CLK50MHz'
Slack : -3.000
TNS   : -30.485

Type  : Fast 1200mV 0C Model Minimum Pulse Width 'DivisorFrecuencia:Divisor|clk_out_internal'
Slack : -1.000
TNS   : -54.000

------------------------------------------------------------
