------------------------------------------------------------
TimeQuest Timing Analyzer Summary
------------------------------------------------------------

Type  : Slow 1200mV 85C Model Setup 'clk'
Slack : -2.687
TNS   : -40.484

Type  : Slow 1200mV 85C Model Setup 'div_50millones:Udiv|out1'
Slack : -1.987
TNS   : -23.752

Type  : Slow 1200mV 85C Model Hold 'clk'
Slack : -0.169
TNS   : -0.169

Type  : Slow 1200mV 85C Model Hold 'div_50millones:Udiv|out1'
Slack : 0.358
TNS   : 0.000

Type  : Slow 1200mV 85C Model Minimum Pulse Width 'clk'
Slack : -3.000
TNS   : -30.000

Type  : Slow 1200mV 85C Model Minimum Pulse Width 'div_50millones:Udiv|out1'
Slack : -1.000
TNS   : -13.000

Type  : Slow 1200mV 0C Model Setup 'clk'
Slack : -2.308
TNS   : -33.240

Type  : Slow 1200mV 0C Model Setup 'div_50millones:Udiv|out1'
Slack : -1.681
TNS   : -19.804

Type  : Slow 1200mV 0C Model Hold 'clk'
Slack : -0.199
TNS   : -0.199

Type  : Slow 1200mV 0C Model Hold 'div_50millones:Udiv|out1'
Slack : 0.313
TNS   : 0.000

Type  : Slow 1200mV 0C Model Minimum Pulse Width 'clk'
Slack : -3.000
TNS   : -30.000

Type  : Slow 1200mV 0C Model Minimum Pulse Width 'div_50millones:Udiv|out1'
Slack : -1.000
TNS   : -13.000

Type  : Fast 1200mV 0C Model Setup 'clk'
Slack : -1.066
TNS   : -12.087

Type  : Fast 1200mV 0C Model Setup 'div_50millones:Udiv|out1'
Slack : -0.706
TNS   : -7.605

Type  : Fast 1200mV 0C Model Hold 'clk'
Slack : -0.191
TNS   : -0.191

Type  : Fast 1200mV 0C Model Hold 'div_50millones:Udiv|out1'
Slack : 0.187
TNS   : 0.000

Type  : Fast 1200mV 0C Model Minimum Pulse Width 'clk'
Slack : -3.000
TNS   : -31.525

Type  : Fast 1200mV 0C Model Minimum Pulse Width 'div_50millones:Udiv|out1'
Slack : -1.000
TNS   : -13.000

------------------------------------------------------------
